using l2 regularization = 1
predictions = ksvm_train.linear.predict
Lambda = 1
Kernel = linear
Num weight bits = 18
learning rate = 0.5
initial_t = 0
power_t = 0.5
using no cache
Reading datafile = train-sets/rcv1_smaller.dat
num sources = 1
average  since         example        example  current  current  current
loss     last          counter         weight    label  predict features
1.000000 1.000000            1            1.0   1.0000   0.0000       50
1.266108 1.532215            2            2.0  -1.0000   0.5322      103
1.044228 0.822348            4            4.0  -1.0000  -0.4052      134
0.922410 0.800592            8            8.0  -1.0000  -0.4869      145
0.907269 0.892127           16           16.0   1.0000  -0.6087       23
0.910573 0.913877           32           32.0  -1.0000  -0.3004       31
0.904033 0.897494           64           64.0  -1.0000  -0.7808       60
0.915012 0.925991          128          128.0   1.0000   0.1764      105

finished run
number of examples = 250
weighted example sum = 250.000000
weighted label sum = -22.000000
average loss = 0.808040
best constant = -0.088000
best constant's loss = 0.992256
total feature number = 19870
Num support = 242
Number of kernel evaluations = 141483 Number of cache queries = 227710
Total loss = 202.009979
Done freeing model
Done freeing kernel params
Done with finish 
